[cuda-smoke] loaded compiler module gcc/13.2.0
[cuda-smoke] gcc=/sw/gcc/13.2.0/bin/gcc
gcc (GCC) 13.2.0
Copyright (C) 2023 Free Software Foundation, Inc.
This is free software; see the source for copying conditions.  There is NO
warranty; not even for MERCHANTABILITY or FITNESS FOR A PARTICULAR PURPOSE.

[cuda-smoke] g++=/sw/gcc/13.2.0/bin/g++
g++ (GCC) 13.2.0
Copyright (C) 2023 Free Software Foundation, Inc.
This is free software; see the source for copying conditions.  There is NO
warranty; not even for MERCHANTABILITY or FITNESS FOR A PARTICULAR PURPOSE.

[cuda-smoke] nvcc=/sw/cuda/12.8.1/bin/nvcc
nvcc: NVIDIA (R) Cuda compiler driver
Copyright (c) 2005-2025 NVIDIA Corporation
Built on Fri_Feb_21_20:23:50_PST_2025
Cuda compilation tools, release 12.8, V12.8.93
Build cuda_12.8.r12.8/compiler.35583870_0
[cuda-smoke] CUDA_HOME=/sw/cuda/12.8.1
[cuda-smoke] CUDAHOSTCXX=/sw/gcc/13.2.0/bin/g++
[cuda-smoke] NVCC_PREPEND_FLAGS=--compiler-bindir=/sw/gcc/13.2.0/bin 
[cuda-smoke] FLASHINFER_WORKSPACE_BASE=/gscratch/scrubbed/suryadv/tmp/multiplex-thinking-35214075/flashinfer
[cuda-smoke] output_dir=/gscratch/scrubbed/suryadv/repos/Multiplex-Testing/final_eval_outputs/aime-train100-ablation4096-r3-stable3b-20260501-103533/repeat_02/memory_match_topup_shared4_fixedgen_fast/shard41
[cuda-smoke] fallback_configs=32:2:4:aggressive;16:1:2:aggressive
[fallback] attempt=1 config=32:2:4:aggressive request_batch_size=32 prompts_per_rank=2 max_concurrent_prompts=4 throughput_profile=aggressive server_timeout_seconds=900
[setup] bootstrapping scratch-managed runtime
[setup] bootstrap_log=/gscratch/scrubbed/suryadv/.cache/multiplex-thinking/bootstrap-runtime-35214075.log
[setup] bootstrap_lock=/gscratch/scrubbed/suryadv/.cache/multiplex-thinking/bootstrap-runtime.lock
[runtime] runtime_root_base=/mmfs1/gscratch/scrubbed/suryadv/.cache/multiplex-thinking/runtime-envs
[runtime] selected_runtime_root=/mmfs1/gscratch/scrubbed/suryadv/.cache/multiplex-thinking/runtime-envs/py310-torch2_7_1_cu128-e97e9d3f4ecd
[runtime] selected_runtime_site=/mmfs1/gscratch/scrubbed/suryadv/.cache/multiplex-thinking/runtime-envs/py310-torch2_7_1_cu128-e97e9d3f4ecd/site-packages
[runtime] selected_runtime_key=e97e9d3f4ecd
[runtime] job_overlay_dir=/mmfs1/gscratch/scrubbed/suryadv/tmp/multiplex-thinking-35214075/job-overlay
[bootstrap] lightweight_overlay_cache_dir=/mmfs1/gscratch/scrubbed/suryadv/.cache/multiplex-thinking/lightweight-overlays/66cc093d09b2
[bootstrap] lightweight_overlay_key=66cc093d09b2
[runtime] manifest_output_path=/mmfs1/gscratch/scrubbed/suryadv/tmp/multiplex-thinking-35214075/runtime-manifest.json
[bootstrap] lightweight_constraint_count=52
[bootstrap] compatibility_pins={"datasets": "datasets>=2.15.0", "huggingface_hub": "huggingface-hub>=0.34.0,<1.0", "regex": "regex!=2019.12.17", "tokenizers": "tokenizers>=0.21,<0.22", "urllib3": "urllib3<2.0.0"}
[runtime] ignoring legacy overlay at /mmfs1/gscratch/scrubbed/suryadv/.cache/multiplex-thinking/python-overlay
[bootstrap-cache] using reusable lightweight overlay directly via PYTHONPATH from /mmfs1/gscratch/scrubbed/suryadv/.cache/multiplex-thinking/lightweight-overlays/66cc093d09b2
[2026-05-13T16:18:20.751] error: *** JOB 35214075 ON g3117 CANCELLED AT 2026-05-13T16:18:20 DUE to SIGNAL Terminated ***
