[cuda-smoke] loaded compiler module gcc/13.2.0
[cuda-smoke] gcc=/sw/gcc/13.2.0/bin/gcc
gcc (GCC) 13.2.0
Copyright (C) 2023 Free Software Foundation, Inc.
This is free software; see the source for copying conditions.  There is NO
warranty; not even for MERCHANTABILITY or FITNESS FOR A PARTICULAR PURPOSE.

[cuda-smoke] g++=/sw/gcc/13.2.0/bin/g++
g++ (GCC) 13.2.0
Copyright (C) 2023 Free Software Foundation, Inc.
This is free software; see the source for copying conditions.  There is NO
warranty; not even for MERCHANTABILITY or FITNESS FOR A PARTICULAR PURPOSE.

[cuda-smoke] nvcc=/sw/cuda/12.8.1/bin/nvcc
nvcc: NVIDIA (R) Cuda compiler driver
Copyright (c) 2005-2025 NVIDIA Corporation
Built on Fri_Feb_21_20:23:50_PST_2025
Cuda compilation tools, release 12.8, V12.8.93
Build cuda_12.8.r12.8/compiler.35583870_0
[cuda-smoke] CUDA_HOME=/sw/cuda/12.8.1
[cuda-smoke] CUDAHOSTCXX=/sw/gcc/13.2.0/bin/g++
[cuda-smoke] NVCC_PREPEND_FLAGS=--compiler-bindir=/sw/gcc/13.2.0/bin 
[cuda-smoke] FLASHINFER_WORKSPACE_BASE=/gscratch/scrubbed/suryadv/tmp/multiplex-thinking-35003577/flashinfer
[cuda-smoke] output_dir=/gscratch/scrubbed/suryadv/repos/Multiplex-Testing/final_eval_outputs/aime-train100-ablation4096-r3-stable3b-20260501-103533/repeat_00/memory_match_topup_high
[cuda-smoke] fallback_configs=32:2:4:aggressive;16:1:2:aggressive;16:1:2:aggressive
[fallback] attempt=1 config=32:2:4:aggressive request_batch_size=32 prompts_per_rank=2 max_concurrent_prompts=4 throughput_profile=aggressive server_timeout_seconds=900
[setup] bootstrapping scratch-managed runtime
[setup] bootstrap_log=/gscratch/scrubbed/suryadv/.cache/multiplex-thinking/bootstrap-runtime-35003577.log
[setup] bootstrap_lock=/gscratch/scrubbed/suryadv/.cache/multiplex-thinking/bootstrap-runtime.lock
[runtime] runtime_root_base=/mmfs1/gscratch/scrubbed/suryadv/.cache/multiplex-thinking/runtime-envs
[runtime] selected_runtime_root=/mmfs1/gscratch/scrubbed/suryadv/.cache/multiplex-thinking/runtime-envs/py310-torch2_7_1_cu128-e97e9d3f4ecd
[runtime] selected_runtime_site=/mmfs1/gscratch/scrubbed/suryadv/.cache/multiplex-thinking/runtime-envs/py310-torch2_7_1_cu128-e97e9d3f4ecd/site-packages
[runtime] selected_runtime_key=e97e9d3f4ecd
[runtime] job_overlay_dir=/mmfs1/gscratch/scrubbed/suryadv/tmp/multiplex-thinking-35003577/job-overlay
[bootstrap] lightweight_overlay_cache_dir=/mmfs1/gscratch/scrubbed/suryadv/.cache/multiplex-thinking/lightweight-overlays/66cc093d09b2
[bootstrap] lightweight_overlay_key=66cc093d09b2
[runtime] manifest_output_path=/mmfs1/gscratch/scrubbed/suryadv/tmp/multiplex-thinking-35003577/runtime-manifest.json
[bootstrap] lightweight_constraint_count=52
[bootstrap] compatibility_pins={"datasets": "datasets>=2.15.0", "huggingface_hub": "huggingface-hub>=0.34.0,<1.0", "regex": "regex!=2019.12.17", "tokenizers": "tokenizers>=0.21,<0.22", "urllib3": "urllib3<2.0.0"}
[runtime] ignoring legacy overlay at /mmfs1/gscratch/scrubbed/suryadv/.cache/multiplex-thinking/python-overlay
[bootstrap-cache] using reusable lightweight overlay directly via PYTHONPATH from /mmfs1/gscratch/scrubbed/suryadv/.cache/multiplex-thinking/lightweight-overlays/66cc093d09b2
[runtime] managed runtime validated successfully at /mmfs1/gscratch/scrubbed/suryadv/.cache/multiplex-thinking/runtime-envs/py310-torch2_7_1_cu128-e97e9d3f4ecd
[runtime] sys_path_head=["/mmfs1/gscratch/scrubbed/suryadv/.cache/multiplex-thinking/runtime-envs/py310-torch2_7_1_cu128-e97e9d3f4ecd/site-packages", "/mmfs1/gscratch/scrubbed/suryadv/tmp/multiplex-thinking-35003577/job-overlay", "/mmfs1/gscratch/scrubbed/suryadv/.cache/multiplex-thinking/lightweight-overlays/66cc093d09b2", "/mmfs1/gscratch/scrubbed/suryadv/repos/Multiplex-Testing/sglang-0.4.9.post6", "/mmfs1/gscratch/scrubbed/suryadv/repos/Multiplex-Testing/verl-latest", "/mmfs1/gscratch/scrubbed/suryadv/repos/Multiplex-Testing/transformers-4.54.0/src", "/mmfs1/home/suryadv/.conda/envs/multiplex-thinking/lib/python310.zip", "/mmfs1/home/suryadv/.conda/envs/multiplex-thinking/lib/python3.10", "/mmfs1/home/suryadv/.conda/envs/multiplex-thinking/lib/python3.10/lib-dynload"]
[runtime] package=torch version=2.7.1+cu128 origin=/mmfs1/gscratch/scrubbed/suryadv/.cache/multiplex-thinking/runtime-envs/py310-torch2_7_1_cu128-e97e9d3f4ecd/site-packages/torch/__init__.py dist_info=/mmfs1/gscratch/scrubbed/suryadv/.cache/multiplex-thinking/runtime-envs/py310-torch2_7_1_cu128-e97e9d3f4ecd/site-packages/torch-2.7.1+cu128.dist-info
[runtime] package=torchvision version=0.22.1+cu128 origin=/mmfs1/gscratch/scrubbed/suryadv/.cache/multiplex-thinking/runtime-envs/py310-torch2_7_1_cu128-e97e9d3f4ecd/site-packages/torchvision/__init__.py dist_info=/mmfs1/gscratch/scrubbed/suryadv/.cache/multiplex-thinking/runtime-envs/py310-torch2_7_1_cu128-e97e9d3f4ecd/site-packages/torchvision-0.22.1+cu128.dist-info
[runtime] package=torchaudio version=2.7.1+cu128 origin=/mmfs1/gscratch/scrubbed/suryadv/.cache/multiplex-thinking/runtime-envs/py310-torch2_7_1_cu128-e97e9d3f4ecd/site-packages/torchaudio/__init__.py dist_info=/mmfs1/gscratch/scrubbed/suryadv/.cache/multiplex-thinking/runtime-envs/py310-torch2_7_1_cu128-e97e9d3f4ecd/site-packages/torchaudio-2.7.1+cu128.dist-info
[runtime] package=triton version=3.3.1 origin=/mmfs1/gscratch/scrubbed/suryadv/.cache/multiplex-thinking/runtime-envs/py310-torch2_7_1_cu128-e97e9d3f4ecd/site-packages/triton/__init__.py dist_info=/mmfs1/gscratch/scrubbed/suryadv/.cache/multiplex-thinking/runtime-envs/py310-torch2_7_1_cu128-e97e9d3f4ecd/site-packages/triton-3.3.1.dist-info
[runtime] package=tensordict version=0.10.0 origin=/mmfs1/gscratch/scrubbed/suryadv/.cache/multiplex-thinking/runtime-envs/py310-torch2_7_1_cu128-e97e9d3f4ecd/site-packages/tensordict/__init__.py dist_info=/mmfs1/gscratch/scrubbed/suryadv/.cache/multiplex-thinking/runtime-envs/py310-torch2_7_1_cu128-e97e9d3f4ecd/site-packages/tensordict-0.10.0.dist-info
[runtime] package=sgl-kernel version=0.2.8 origin=/mmfs1/gscratch/scrubbed/suryadv/.cache/multiplex-thinking/runtime-envs/py310-torch2_7_1_cu128-e97e9d3f4ecd/site-packages/sgl_kernel/__init__.py dist_info=/mmfs1/gscratch/scrubbed/suryadv/.cache/multiplex-thinking/runtime-envs/py310-torch2_7_1_cu128-e97e9d3f4ecd/site-packages/sgl_kernel-0.2.8.dist-info
[runtime] package=flashinfer-python version=0.2.9rc2 origin=/mmfs1/gscratch/scrubbed/suryadv/.cache/multiplex-thinking/runtime-envs/py310-torch2_7_1_cu128-e97e9d3f4ecd/site-packages/flashinfer/__init__.py dist_info=/mmfs1/gscratch/scrubbed/suryadv/.cache/multiplex-thinking/runtime-envs/py310-torch2_7_1_cu128-e97e9d3f4ecd/site-packages/flashinfer_python-0.2.9rc2.dist-info
[runtime] local_import=sglang origin=/mmfs1/gscratch/scrubbed/suryadv/repos/Multiplex-Testing/sglang-0.4.9.post6/sglang/__init__.py
[runtime] local_import=verl origin=/mmfs1/gscratch/scrubbed/suryadv/repos/Multiplex-Testing/verl-latest/verl/__init__.py
[runtime] local_import=transformers origin=/mmfs1/gscratch/scrubbed/suryadv/repos/Multiplex-Testing/transformers-4.54.0/src/transformers/__init__.py
[runtime] manifest_written=/mmfs1/gscratch/scrubbed/suryadv/.cache/multiplex-thinking/runtime-envs/py310-torch2_7_1_cu128-e97e9d3f4ecd/runtime-manifest.json
[runtime] selected_manifest_written=/mmfs1/gscratch/scrubbed/suryadv/tmp/multiplex-thinking-35003577/runtime-manifest.json
[2026-05-04T17:11:12.401] error: *** JOB 35003577 ON g3047 CANCELLED AT 2026-05-04T17:11:12 DUE to SIGNAL Terminated ***
